PS C:\Users\TEST> mkdir git_challenge


    ディレクトリ: C:\Users\TEST


Mode                 LastWriteTime         Length Name
----                 -------------         ------ ----
d-----        2025/06/17     22:29                git_challenge


PS C:\Users\TEST> cd git_challenge
PS C:\Users\TEST\git_challenge> git init
Initialized empty Git repository in C:/Users/TEST/git_challenge/.git/
PS C:\Users\TEST\git_challenge> git add hello_world.txt
PS C:\Users\TEST\git_challenge> git commit -m "hello_world.txtを追加"
[main (root-commit) 1099178] hello_world.txtを追加
 1 file changed, 1 insertion(+)
 create mode 100644 hello_world.txt
 PS C:\Users\TEST\git_challenge> git add hello_world.txt
PS C:\Users\TEST\git_challenge> git commit -m "日本語訳を追記"
[main 1c90edc] 日本語訳を追記  
 1 file changed, 1 insertion(+)
 PS C:\Users\TEST\git_challenge> git log --oneline
1c90edc (HEAD -> main) 日本語訳を追記
1099178 hello_world.txtを追加
